
> @figma/my-make-file@0.0.1 build
> vite build

[36mvite v6.3.5 [32mbuilding for production...[36m[39m
transforming...
[32mÔ£ô[39m 2098 modules transformed.
rendering chunks...
computing gzip size...
[2mdist/[22m[32mindex.html                 [39m[1m[2m  1.36 kB[22m[1m[22m[2m Ôöé gzip:   0.49 kB[22m
[2mdist/[22m[35massets/index-16egX6uE.css  [39m[1m[2m135.01 kB[22m[1m[22m[2m Ôöé gzip:  20.27 kB[22m
[2mdist/[22m[36massets/index-lfzQ31sY.js   [39m[1m[33m600.66 kB[39m[22m[2m Ôöé gzip: 183.21 kB[22m
node.exe : [33m
At line:1 char:1
+ & "C:\Program Files\nodejs/node.exe" "C:\Program 
Files\nodejs/node_mo ...
+ ~~~~~~~~~~~~~~~~~~~~~~~~~~~~~~~~~~~~~~~~~~~~~~~~~~~~~~~~~~~~~~~
~~~~~~
    + CategoryInfo          : NotSpecified: ([33m:String) [], R 
   emoteException
    + FullyQualifiedErrorId : NativeCommandError
 
(!) Some chunks are larger than 500 kB after minification. 
Consider:
- Using dynamic import() to code-split the application
- Use build.rollupOptions.output.manualChunks to improve 
chunking: 
https://rollupjs.org/configuration-options/#output-manualchunks
- Adjust chunk size limit for this warning via 
build.chunkSizeWarningLimit.[39m
[32mÔ£ô built in 3.92s[39m
